// Jest Snapshot v1, https://goo.gl/fbAQLP

exports[`[GithubTriplifier] [getMatches] "github repo: <https://github.com/cristianvasquez/prototype-11>" 1`] = `
Array [
  "https://github.com/cristianvasquez/prototype-11",
]
`;

exports[`[GithubTriplifier] [getMatches] "github repo: https://github.com/cristianvasquez/prototype-11" 1`] = `
Array [
  "https://github.com/cristianvasquez/prototype-11",
]
`;

exports[`[GithubTriplifier] [getMatches] "has Github repo <https://github.com/cristianvasquez/prototype-11>" 1`] = `
Array [
  "https://github.com/cristianvasquez/prototype-11",
]
`;

exports[`[GithubTriplifier] [getMatches] "has Github: <https://github.com/cristianvasquez/prototype-11>" 1`] = `
Array [
  "https://github.com/cristianvasquez/prototype-11",
]
`;

exports[`[GithubTriplifier] [getMatches] "has github: <https://github.com/cristianvasquez/prototype-11>" 1`] = `
Array [
  "https://github.com/cristianvasquez/prototype-11",
]
`;

exports[`[GithubTriplifier] [getRDF] "https://github.com/cristianvasquez/prototype-11" 1`] = `
"<http://example/1> <http://vault.org/about> <https://github.com/cristianvasquez/prototype-11> .
<https://github.com/cristianvasquez/prototype-11> <http://www.w3.org/1999/02/22-rdf-syntax-ns#type> <http://vault.org/GithubRepo> .
<https://github.com/cristianvasquez/prototype-11> <http://vault.org/label> \\"prototype-11\\" .
<https://github.com/cristianvasquez> <http://vault.org/contains> <https://github.com/cristianvasquez/prototype-11> .
<https://github.com/cristianvasquez> <http://www.w3.org/1999/02/22-rdf-syntax-ns#type> <http://vault.org/GithubUser> .
<https://github.com/cristianvasquez> <http://vault.org/label> \\"cristianvasquez\\" .
"
`;
